// Jest Snapshot v1, https://goo.gl/fbAQLP

exports[`<App /> renders correctly 1`] = `
<body>
  <div>
    <header>
      <nav>
        <a
          href="/sign_in"
        >
          Sign in
        </a>
      </nav>
    </header>
    <div>
      I'm the landing
    </div>
  </div>
</body>
`;
